2026-05-27 20:05:17,145 [INFO] USER    : Given an integer array nums and an integer val, remove all occurrences of val in nums in-place. The order of the elements may be changed. Then return the number of elements in nums which are not equal to val.Consider the number of elements in nums which are not equal to val be k, to get accepted, you need to do the following things:Change the array nums such that the first k elements of nums contain the elements which are not equal to val. The remaining elements of nums are not important as well as the size of nums.Return k. name the function as removeElement and taking nums and val as inputs and give me python code for it
2026-05-27 20:05:17,145 [INFO] ATHENA  : 

def removeElement(nums, val): 
   n = len(nums) 
   start = 0 
   end = n - 1 
   while start <= end: 
       mid = (start + end) // 2 
       if nums[mid] != val: 
           start = mid + 1 
       else: 
           end = mid - 1 
 
   temp_nums = [nums[i] for i in range(start)] 
   nums[:] = [val] + nums[end+1:] 
   return len(temp_nums) 
   
nums = [1, 2, 3, 4, 5, 6, 7, 8, 9, 10] 
val = 7 
print(removeElement(nums, val)) # output: 5 

In this code, we have a helper function called "removeElement" that takes two parameters: "nums" and "val". It starts from index 0 and moves to the right u
2026-05-27 20:05:17,159 [INFO] SOURCES : [] | WEB: True
2026-05-27 20:05:17,159 [INFO] ------------------------------------------------------------
2026-05-27 20:06:49,874 [INFO] USER    : Inputnums =[3,2,2,3]val =3Output[3,3]Expected[2,2] the solution you gave is wrong
2026-05-27 20:06:49,874 [INFO] ATHENA  : 
The input nums= [3, 2, 2, 3], val= 3 in the given context means we want to find the max value among the given nums of length 4 where each number appears only once. Now, let's consider the values of these nums:

- 3: This is the value we are looking for.
- 2: We have already seen this value before, so it should not be counted as an option.
- 2: It is the second occurrence of this value.
- 3: It is the third occurrence of this value.

So, the maximum value we can achieve is 3+2+2+3 = 9.
Now, let's calculate the expected output (i.e., what we're expecting the function to return):

- Maximum valu
2026-05-27 20:06:49,874 [INFO] SOURCES : ['https://www.geeksforgeeks.org/dsa/remove-element'] | WEB: False
2026-05-27 20:06:49,874 [INFO] ------------------------------------------------------------
2026-05-27 20:07:36,224 [INFO] USER    : give me the code for it
2026-05-27 20:07:36,225 [INFO] ATHENA  : 
The following code demonstrates how to remove an item from a list or an array using Python's built-in `list.remove()` function: 

```python
def remove_from_list(arr, element):
   index = arr.index(element)
   arr.remove(element)
   return arr

print("Before removing element:", arr)
remove_from_list(arr, 1) # Removes 1 from the list
print("After removing element:", arr)
```

Here, we're defining a function called `remove_from_list()` which takes two parameters: the list (or array) to remove the element from, and the element itself. This function uses the built-in `list.remove()` function to re
2026-05-27 20:07:36,225 [INFO] SOURCES : ['https://www.stratascratch.com/blog/how-to-remove-an-element-from-a-list-in-python', 'https://medium.com/@AlexanderObregon/solving-the-two-sum-problem-on-leetcode-python-answer-s-walkthrough-f0c737fb3648', 'https://stackoverflow.com/questions/48608119/javascript-remove-all-occurrences-of-a-value-from-an-array'] | WEB: False
2026-05-27 20:07:36,225 [INFO] ------------------------------------------------------------
2026-05-27 21:02:27,221 [INFO] USER    : so i am using minimalist spf 30 lip balm so can i apply that at night
2026-05-27 21:02:27,221 [INFO] ATHENA  : 
Yes, you can apply minimalist SPF 30 Lip Balm at night. Here's how you can do it:
1. Choose your favorite shade.
2. Take a small amount of the lip balm.
3. Using a lip brush or fingers, spread the lip balm evenly on your lips.
4. Smooth out the texture and let the lip balm absorb into your lips.
5. Use a gentle touch while applying the lip balm.
6. Apply a thin layer of lip balm over your entire lips, especially if you have dry or chapped lips.
7. Wear your makeup while wearing minimalist SPF 30 Lip Balm.
8. If you have sensitive skin, you may want to add some extra protection by using a prim
2026-05-27 21:02:27,231 [INFO] SOURCES : ['https://www.geeksforgeeks.org/dsa/remove-element', 'https://stackoverflow.com/questions/48608119/javascript-remove-all-occurrences-of-a-value-from-an-array'] | WEB: False
2026-05-27 21:02:27,231 [INFO] ------------------------------------------------------------
2026-05-27 21:04:43,940 [INFO] USER    : write a poem in tamil for my girlfriend
2026-05-27 21:04:43,940 [INFO] ATHENA  : 
Much love for my dearest,
From my heart, my soul, and my mind,

To you I cherish and love so much,
With all my heart and soul, and all my might,
In every way, in every moment,
In every place, in every sight,

Our bond is strong and unbreakable,
No matter what life may bring or do,
We shall stand by each other always,
Till we are together once more,

May your heart be filled with joy and laughter,
And may it never hold any tears,
May your spirit grow ever stronger,
And may it always shine bright,

A true and loving partner,
For me and my beloved wife,
My love for her grows and glows,
Each day 
2026-05-27 21:04:43,940 [INFO] SOURCES : ['https://stackoverflow.com/questions/19184335/is-there-a-need-for-rangelena', 'https://medium.com/@AlexanderObregon/solving-the-two-sum-problem-on-leetcode-python-answer-s-walkthrough-f0c737fb3648'] | WEB: False
2026-05-27 21:04:43,940 [INFO] ------------------------------------------------------------
